// Jest Snapshot v1, https://goo.gl/fbAQLP

exports[`submissions-select-forms Matches snapshot 1`] = `
<div>
  <div
    class="components-base-control"
  >
    <div
      class="components-base-control__field"
    >
      <label
        class="components-visually-hidden"
        for="inspector-select-control-0"
      >
        Select Forms
      </label>
      <select
        class="components-select-control__input"
        id="inspector-select-control-0"
        multiple=""
      >
        <option
          value="10"
        >
          Contact Me
        </option>
        <option
          value="11"
        >
          Contact Me
        </option>
        <option
          value="12"
        >
          Submission Test 4
        </option>
      </select>
    </div>
  </div>
</div>
`;
